[33mΓ¥»[39m Building...
[32mΓ£ö[39m Building...
Application bundle generation failed. [2.810 seconds] - 2026-02-25T09:07:08.421Z

node.exe : 
[1m[33m[33mΓû▓ [43;33
m[[43;30mWARNING[43;33m
][0m [1mNG8113: 
FilterMoviesPipe is not 
used within the template 
of 
MovieListComponent[0m 
[1m[35m[plugin 
angular-compiler][0m
At line:1 char:1
+ & "C:\Program 
Files\nodejs/node.exe" "C
:\Users\KARAN\AppData\Roa
ming\ ...
+ ~~~~~~~~~~~~~~~~~~~~~~~
~~~~~~~~~~~~~~~~~~~~~~~~~
~~~~~~~~~~~~~~~~~~~~~
    + CategoryInfo       
       : NotSpecified:   
  ([1m[33m[33mΓ...r   
 -compiler][0m:Strin    
g) [], RemoteExcepti    
on
    + FullyQualifiedErro 
   rId : NativeCommandE  
  rror
 

    src/app/components/mo
vie-list/movie-list.ts:32
:4:
[37m      32 Γöé     [3
2mFilterMoviesPipe[37m
         Γò╡     
[32m~~~~~~~~~~~~~~~~[0m

[39m[22m
[1m[31m[31mX [41;31m[
[41;97mERROR[41;31m][0
m [1mTS2729: Property 
'loadingService' is used 
before its 
initialization.[0m 
[1m[35m[plugin 
angular-compiler][0m

    src/app/components/na
vbar/navbar.ts:27:18:
[37m      27 Γöé   
loading$ = this.[32mload
ingService[37m.loading$;
         Γò╡             
      
[32m~~~~~~~~~~~~~~[0m

  'loadingService' is 
declared here.

    src/app/components/na
vbar/navbar.ts:28:14:
[37m      28 Γöé   
constructor([32mpublic 
loadingService: 
LoadingService[37m) { }
         Γò╡             
  [32m~~~~~~~~~~~~~~~~~~
~~~~~~~~~~~~~~~~~~~[0m


[31mX [41;31m[[41;97mE
RROR[41;31m][0m 
[1mCould not resolve "@a
ngular/animations/browser
"[0m

    node_modules/@angular
/platform-browser/fesm202
2/animations-async.mjs:37
:53:
[37m      37 Γöé 
....moduleImpl ?? import(
[32m'@angular/animations
/browser'[37m).then(m 
=> m);
         Γò╡             
             [32m~~~~~~~
~~~~~~~~~~~~~~~~~~~~~~[0
m

  You can mark the path "
@angular/animations/brows
er" as external to 
exclude it from the 
bundle, which will 
remove this error and 
leave the unresolved 
path in the bundle. You 
can also add ".catch()" 
here to handle this 
failure at run-time 
instead of bundle-time.

[39m[22m
